
 Start  Stop   Length Name               Class

 00000H 0BDD2H 0BDD3H _TEXT              CODE
 0BDE0H 0E556H 02777H EMU_PROG           CODE
 0E560H 0EB27H 005C8H E87_PROG           CODE
 0EB30H 0EB30H 00000H _FARDATA           FAR_DATA
 0EB30H 1E6D3H 0FBA4H JOUST2405_DATA     FAR_DATA
 1E6E0H 1E6E0H 00000H _FARBSS            FAR_BSS
 1E6E0H 1E6E0H 00000H _OVERLAY_          OVRINFO
 1E6E0H 1E6E0H 00000H _1STUB_            STUBSEG
 1E6E0H 1F4E9H 00E0AH _DATA              DATA
 1F4EAH 1F4EDH 00004H _CVTSEG            DATA
 1F4EEH 1F4F3H 00006H _SCNSEG            DATA
 1F4F4H 1F4F4H 00000H _CONST             CONST
 1F4F4H 1F51DH 0002AH _INIT_             INITDATA
 1F51EH 1F51EH 00000H _INITEND_          INITDATA
 1F51EH 1F523H 00006H _EXIT_             EXITDATA
 1F524H 1F524H 00000H _EXITEND_          EXITDATA
 1F524H 2D9BBH 0E498H _BSS               BSS
 2D9BCH 2D9BCH 00000H _BSSEND            BSSEND
 2D9C0H 2DA3FH 00080H _STACK             STACK

  Address         Publics by Name

 1E6E:0000       DATASEG@
 0000:028D       DGROUP@
 0BDE:2152       e086_Entry
 0BDE:26E0       e086_Shortcut
 0E56:0306       e087_Entry
 0E56:03C6       e087_Shortcut
 0E56:0430       e087_Trap
 0000:FE32  Abs  FIARQQ
 0000:0E32  Abs  FICRQQ
 0000:5C32  Abs  FIDRQQ
 0000:1632  Abs  FIERQQ
 0000:0632  Abs  FISRQQ
 0000:A23D  Abs  FIWRQQ
 0000:4000  Abs  FJARQQ
 0000:C000  Abs  FJCRQQ
 0000:8000  Abs  FJSRQQ
 0000:8945       F_LDIV@
 0000:8954       F_LMOD@
 0000:894C       F_LUDIV@
 0000:895C       F_LUMOD@
 0000:8945       LDIV@
 0000:8954       LMOD@
 0000:894C       LUDIV@
 0000:895C       LUMOD@
 0000:880B       N_FTOL@
 0000:8942       N_LDIV@
 0000:8951       N_LMOD@
 0000:8949       N_LUDIV@
 0000:8959       N_LUMOD@
 0000:8B8B       N_LXMUL@
 0EB3:00DC       _abilities
 0000:0278       _abort
 1E6E:0107       _accelx
 1E6E:0112       _accely
 1E6E:F278       _actStart
 0EB3:0000       _animals
 0000:21F3       _animate
 0000:36AE       _ashify
 0000:8837       _atexit
 0000:A742       _atoi
 0000:A6D2       _atol
 1E6E:00B0       _autowinner
 1E6E:EF73       _backcolor
 0000:124C       _backdraw
 1E6E:3DE5       _basesproff
 1E6E:3DE3       _basesprseg
 0000:0505       _box
 0000:99E8       _brk
 0000:1BA2       _button
 0000:A769       _close
 1E6E:2CBD       _computerplayers
 0000:9B37       _cprintf
 1E6E:37DD       _curlevel
 1E6E:00B5       _curpage
 1E6E:0DFC       _daylight
 0000:9D5B       _delay
 1E6E:00AE       _dinc
 1E6E:0D71       _directvideo
 0000:4348       _displayimage
 0000:1974       _distancex
 0000:B6D3       _dostounix
 0000:0D00       _drawback
 0000:0571       _drawfont
 0000:08C7       _drawicon
 0000:0978       _drawiconback
 0000:0A2F       _drawnorm2
 0000:0B86       _drawnorm3
 0000:1171       _drawpan
 0000:11BC       _drawpana
 0000:0EC7       _drawtile
 0000:1000       _drawtile2
 1E6E:00CE       _effectranges
 1E6E:00D6       _effectrangesy
 1E6E:0DC6       _environ
 0000:A7AD       _eof
 1E6E:0094       _errno
 0000:88E1       _exit
 0000:A824       _fclose
 0000:A899       _fflush
 0000:ADCC       _fgetc
 0000:AE77       _fgetchar
 0000:465F       _findnumbers
 0000:A916       _flushall
 1E6E:37DF       _font
 1E6E:00BA       _fontback
 1E6E:00BB       _fontbackon
 1E6E:EF72       _fontfore
 0000:AAC1       _fopen
 0000:AAE0       _fprintf
 0000:B1B9       _fputc
 0000:B2DE       _fputchar
 0000:ABC9       _fread
 0000:9F79       _free
 0000:AC14       _fscanf
 0000:AC8E       _fseek
 0000:ACF2       _ftell
 1E6E:00AC       _gamedelay
 1E6E:00B6       _gameend
 1E6E:00C4       _gameover
 1E6E:00C2       _gameplayers
 1E6E:F274       _gameturn
 0000:9DBC       _getch
 0000:9DD5       _getche
 0000:891C       _getdate
 0000:AE80       _getenv
 0000:9E0E       _gettext
 0000:892F       _gettime
 1E6E:3008       _goal
 1E6E:2EFE       _goalsprite
 1E6E:37DB       _goalx
 1E6E:37D9       _goaly
 1E6E:00C8       _gravity
 1E6E:00CD       _halfgrav
 1E6E:F27E       _height
 1E6E:00B8       _hilite
 1E6E:00B9       _hiliteoff
 1E6E:3DE7       _icon
 0EB3:01A4       _image
 1E6E:3DDF       _imageoff
 1E6E:3DE1       _imageseg
 0000:0390       _initmode
 0000:6023       _initplats
 0000:4544       _initplayall
 0000:43AE       _initplayers
 0000:4596       _initsprites
 0000:3628       _inrange
 0000:9EA3       _ioctl
 0000:8A3B       _isatty
 0000:AEDF       _itoa
 0000:1205       _JclearPage
 0000:9ECA       _kbhit
 0000:54B2       _keychek
 1E6E:EF71       _keypress
 1E6E:00BF       _keypress2
 0000:1234       _kill
 1E6E:3009       _levelnames
 1E6E:2FD6       _levname
 1E6E:2CBC       _livingplayers
 0000:04CB       _loadfont
 0000:074F       _loadicon
 0000:1924       _loadimage
 0000:07BB       _loadkeys
 0000:5B25       _loadlevel
 0000:62A7       _loadpair
 0000:02DD       _loadpal
 0000:18D4       _loadpanel
 0000:06EA       _loadsprite
 0000:62F6       _loadstuffs
 0000:8AE6       _lseek
 0000:AF21       _ltoa
 0000:639D       _main
 0000:A048       _malloc
 1E6E:00E6       _masses
 1E6E:00F1       _maxspeedx
 1E6E:00FC       _maxspeedy
 0000:AF46       _memcpy
 0000:AF8B       _memset
 1E6E:0128       _minenum
 0000:AFA5       _movedata
 0000:9EDC       _movetext
 0000:0472       _normmode
 1E6E:00CB       _numlevels
 1E6E:00C0       _numplayers
 1E6E:00CA       _numtexts
 1E6E:00C6       _oldgameover
 0000:02A3       _oldsetpal
 0000:AFF2       _open
 0000:46E8       _optionsmenu
 0000:8BC6       _outp
 0000:8BA2       _outport
 0000:8BAE       _outportb
 0000:8BBA       _outpw
 1E6E:EF74       _pal
 1E6E:0132       _platformnum
 1E6E:0E44       _platforms
 0000:3992       _platformscan
 1E6E:00BE       _platson
 1E6E:2CBF       _players
 0000:8800       _pow10
 0000:B18B       _printf
 0000:A1F0       _putch
 0000:047C       _putpixel
 0000:9E62       _puttext
 0000:8BE5       _rand
 0000:A19F       _realloc
 1E6E:00B2       _redo
 0000:1A5C       _redrawpanel
 0000:330A       _reviseplats
 0000:19BA       _righter
 1E6E:2CBE       _rounds
 0000:99F4       _sbrk
 0000:0368       _setActivePage
 0000:031C       _setActiveStart
 0000:9277       _setdate
 0000:AF65       _setmem
 0000:02BF       _setpal
 0000:928A       _settime
 0000:B548       _setvbuf
 0000:037C       _setVisiblePage
 0000:0327       _setVisibleStart
 0000:60C4       _showlevelinfo
 1E6E:00BD       _shownum
 1E6E:011D       _spechigh
 0000:3711       _special2
 0000:56CB       _specialize
 1E6E:00BC       _specon
 1E6E:011E       _specrate
 1E6E:82A7       _sprite
 1E6E:82FB       _spritedata
 0000:638D       _sqr
 0000:8BD4       _srand
 1E6E:EF6F       _startx1
 1E6E:EF6B       _startx2
 1E6E:EF67       _startx3
 1E6E:EF63       _startx4
 1E6E:EF6D       _starty1
 1E6E:EF69       _starty2
 1E6E:EF65       _starty3
 1E6E:EF61       _starty4
 0000:933A       _stime
 1E6E:2F0E       _story
 0000:B612       _strcat
 0000:B64B       _strcpy
 0000:B66D       _strlen
 0000:B687       _strncpy
 0000:B6B3       _strupr
 0000:93B3       _tell
 1E6E:EC37       _texton
 1E6E:EC55       _texts
 1E6E:EC46       _textsc
 1E6E:EC19       _textsx
 1E6E:EBFB       _textsy
 0000:936C       _time
 1E6E:0DF8       _timezone
 0000:93C9       _toupper
 1E6E:0DF4       _tzname
 0000:B9B8       _tzset
 1E6E:00B4       _uho
 0000:AF07       _ultoa
 0000:BC06       _ungetc
 0000:9DF2       _ungetch
 0000:B7EA       _unixtodos
 0000:93F5       _unlink
 0000:04B4       _updatepal
 1E6E:00AA       _vga
 1E6E:F276       _visStart
 1E6E:00B7       _waitforvr
 0000:0291       _waitvr
 0000:A6B0       _wherex
 0000:A6BF       _wherey
 1E6E:F27C       _width
 1E6E:F27A       _widthBytes
 1E6E:00DE       _widths
 0000:61AD       _winnerbox
 0000:066F       _writetextxy
 0000:05F4       _writetextxy2
 1E6E:0750       __8087
 0000:1000  Abs  __AHINCR
 0000:000C  Abs  __AHSHIFT
 1E6E:0DB8       __argc
 1E6E:0DBA       __argv
 1E6E:0990       __atexitcnt
 1E6E:F280       __atexittbl
 1E6E:00A2       __brklvl
 1E6E:0084       __C0argc
 1E6E:0086       __C0argv
 0000:9C09       __c0crtinit
 1E6E:0088       __C0environ
 1E6E:0DB1       __cChar
 0000:8902       __cexit
 1E6E:0DB0       __cFlag
 0000:016F       __checknull
 0000:A74E       __chmod
 0000:015C       __cleanup
 0000:A78F       __close
 0000:9A04       __CPUTN
 0000:9C26       __crtinit
 1E6E:0992       __ctype
 0000:0000  Abs  __cvtfak
 0000:8910       __c_exit
 1E6E:0764       __default87
 1E6E:0C0C       __doserrno
 0000:8A29       __DOSERROR
 1E6E:0C0E       __dosErrorToSV
 0000:885B       __dos_getfileattr
 0000:8878       __dos_setfileattr
 1E6E:0880       __emu
 1E6E:008A       __envLng
 1E6E:008C       __envseg
 1E6E:008E       __envSize
 0000:88F0       __exit
 1E6E:0A94       __exitbuf
 1E6E:0A96       __exitfopen
 1E6E:0A98       __exitopen
 0000:ADBB       __fgetc
 1E6E:0DB2       __first
 1E6E:0C04       __fmode
 0000:86AF       __fperror
 1E6E:0C08       __fpstklen
 0000:82F7       __fpuint
 0000:B1A2       __fputc
 0000:B2EF       __FPUTN
 0000:AA96       __GETFP
 1E6E:009E       __heapbase
 1E6E:0C0A       __heaplen
 1E6E:00A6       __heaptop
 1E6E:0074       __Int0Vector
 1E6E:0078       __Int4Vector
 1E6E:007C       __Int5Vector
 1E6E:0080       __Int6Vector
 0000:89F0       __IOERROR
 0000:BB27       __ISDST
 1E6E:0DB4       __last
 1E6E:0761       __LDT
 0000:8A4C       __LONGTOA
 0000:8B0F       __MKNAME
 0000:028F       __MMODEL
 1E6E:0DDA       __monthDay
 0000:ADCC       __Nfgetc
 1E6E:0BDA       __nfile
 0000:9DD5       __Ngetche
 1E6E:0C06       __notUmask
 0000:BC06       __Nungetc
 0000:9DF2       __Nungetch
 0000:B13E       __open
 1E6E:0BDC       __openfd
 0000:AA02       __OPENFP
 1E6E:0092       __osmajor
 1E6E:0093       __osminor
 1E6E:0092       __osversion
 0000:8737       __POW10
 1E6E:0760       __protected
 1E6E:0090       __psp
 0000:8C0B       __read
 0000:A203       __REALCVT
 1E6E:0E0A       __RealCvtVector
 0000:01EC       __restorezero
 1E6E:0DB6       __rover
 0000:8C38       __scanner
 0000:A20F       __scanpop
 0000:A20B       __scanrslt
 0000:A207       __scantod
 1E6E:0E0E       __ScanTodVector
 0000:90F8       __scantol
 0000:A33F       __SCREENIO
 0000:A3E0       __SCROLL
 0000:0000  Abs  __setargv__
 0000:0000  Abs  __setenvp__
 0000:929D       __setupio
 1E6E:0096       __StartTime
 1E6E:0CF6       __stklen
 0000:9970       __stpcpy
 1E6E:0A9A       __streams
 0000:0197       __terminate
 0000:8B4A       __TMPNAM
 0000:0000  Abs  __turboCrt
 0000:0000  Abs  __turboCvt
 0000:8AC9       __UTOA
 0000:A37B       __VALIDATEXY
 1E6E:0092       __version
 1E6E:0D62       __video
 0000:9B85       __VideoInt
 0000:9423       __VPRINTER
 0000:98D1       __VPTR
 0000:98F6       __VRAM
 0000:A6A6       __wherexy
 0000:BD52       __write
 1E6E:0D60       __wscroll
 0000:84B0       __XCVT
 0000:BD8C       __xfclose
 0000:BDB2       __xfflush
 0000:9995       ___brk
 1E6E:009C       ___brklvl
 0000:8210       ___fpreset
 1E6E:009A       ___heapbase
 0000:B480       ___read
 0000:99B7       ___sbrk
 1E6E:F2CE       ___SignalPtr
 0000:BC4E       ___write

  Address         Publics by Value

 0000:0000  Abs  __setargv__
 0000:0000  Abs  __turboCvt
 0000:0000  Abs  __turboCrt
 0000:0000  Abs  __cvtfak
 0000:0000  Abs  __setenvp__
 0000:000C  Abs  __AHSHIFT
 0000:0632  Abs  FISRQQ
 0000:0E32  Abs  FICRQQ
 0000:1000  Abs  __AHINCR
 0000:1632  Abs  FIERQQ
 0000:4000  Abs  FJARQQ
 0000:5C32  Abs  FIDRQQ
 0000:8000  Abs  FJSRQQ
 0000:A23D  Abs  FIWRQQ
 0000:C000  Abs  FJCRQQ
 0000:FE32  Abs  FIARQQ
 0000:015C       __cleanup
 0000:016F       __checknull
 0000:0197       __terminate
 0000:01EC       __restorezero
 0000:0278       _abort
 0000:028D       DGROUP@
 0000:028F       __MMODEL
 0000:0291       _waitvr
 0000:02A3       _oldsetpal
 0000:02BF       _setpal
 0000:02DD       _loadpal
 0000:031C       _setActiveStart
 0000:0327       _setVisibleStart
 0000:0368       _setActivePage
 0000:037C       _setVisiblePage
 0000:0390       _initmode
 0000:0472       _normmode
 0000:047C       _putpixel
 0000:04B4       _updatepal
 0000:04CB       _loadfont
 0000:0505       _box
 0000:0571       _drawfont
 0000:05F4       _writetextxy2
 0000:066F       _writetextxy
 0000:06EA       _loadsprite
 0000:074F       _loadicon
 0000:07BB       _loadkeys
 0000:08C7       _drawicon
 0000:0978       _drawiconback
 0000:0A2F       _drawnorm2
 0000:0B86       _drawnorm3
 0000:0D00       _drawback
 0000:0EC7       _drawtile
 0000:1000       _drawtile2
 0000:1171       _drawpan
 0000:11BC       _drawpana
 0000:1205       _JclearPage
 0000:1234       _kill
 0000:124C       _backdraw
 0000:18D4       _loadpanel
 0000:1924       _loadimage
 0000:1974       _distancex
 0000:19BA       _righter
 0000:1A5C       _redrawpanel
 0000:1BA2       _button
 0000:21F3       _animate
 0000:330A       _reviseplats
 0000:3628       _inrange
 0000:36AE       _ashify
 0000:3711       _special2
 0000:3992       _platformscan
 0000:4348       _displayimage
 0000:43AE       _initplayers
 0000:4544       _initplayall
 0000:4596       _initsprites
 0000:465F       _findnumbers
 0000:46E8       _optionsmenu
 0000:54B2       _keychek
 0000:56CB       _specialize
 0000:5B25       _loadlevel
 0000:6023       _initplats
 0000:60C4       _showlevelinfo
 0000:61AD       _winnerbox
 0000:62A7       _loadpair
 0000:62F6       _loadstuffs
 0000:638D       _sqr
 0000:639D       _main
 0000:8210       ___fpreset
 0000:82F7       __fpuint
 0000:84B0       __XCVT
 0000:86AF       __fperror
 0000:8737       __POW10
 0000:8800       _pow10
 0000:880B       N_FTOL@
 0000:8837       _atexit
 0000:885B       __dos_getfileattr
 0000:8878       __dos_setfileattr
 0000:88E1       _exit
 0000:88F0       __exit
 0000:8902       __cexit
 0000:8910       __c_exit
 0000:891C       _getdate
 0000:892F       _gettime
 0000:8942       N_LDIV@
 0000:8945       LDIV@
 0000:8945       F_LDIV@
 0000:8949       N_LUDIV@
 0000:894C       F_LUDIV@
 0000:894C       LUDIV@
 0000:8951       N_LMOD@
 0000:8954       F_LMOD@
 0000:8954       LMOD@
 0000:8959       N_LUMOD@
 0000:895C       LUMOD@
 0000:895C       F_LUMOD@
 0000:89F0       __IOERROR
 0000:8A29       __DOSERROR
 0000:8A3B       _isatty
 0000:8A4C       __LONGTOA
 0000:8AC9       __UTOA
 0000:8AE6       _lseek
 0000:8B0F       __MKNAME
 0000:8B4A       __TMPNAM
 0000:8B8B       N_LXMUL@
 0000:8BA2       _outport
 0000:8BAE       _outportb
 0000:8BBA       _outpw
 0000:8BC6       _outp
 0000:8BD4       _srand
 0000:8BE5       _rand
 0000:8C0B       __read
 0000:8C38       __scanner
 0000:90F8       __scantol
 0000:9277       _setdate
 0000:928A       _settime
 0000:929D       __setupio
 0000:933A       _stime
 0000:936C       _time
 0000:93B3       _tell
 0000:93C9       _toupper
 0000:93F5       _unlink
 0000:9423       __VPRINTER
 0000:98D1       __VPTR
 0000:98F6       __VRAM
 0000:9970       __stpcpy
 0000:9995       ___brk
 0000:99B7       ___sbrk
 0000:99E8       _brk
 0000:99F4       _sbrk
 0000:9A04       __CPUTN
 0000:9B37       _cprintf
 0000:9B85       __VideoInt
 0000:9C09       __c0crtinit
 0000:9C26       __crtinit
 0000:9D5B       _delay
 0000:9DBC       _getch
 0000:9DD5       __Ngetche
 0000:9DD5       _getche
 0000:9DF2       __Nungetch
 0000:9DF2       _ungetch
 0000:9E0E       _gettext
 0000:9E62       _puttext
 0000:9EA3       _ioctl
 0000:9ECA       _kbhit
 0000:9EDC       _movetext
 0000:9F79       _free
 0000:A048       _malloc
 0000:A19F       _realloc
 0000:A1F0       _putch
 0000:A203       __REALCVT
 0000:A207       __scantod
 0000:A20B       __scanrslt
 0000:A20F       __scanpop
 0000:A33F       __SCREENIO
 0000:A37B       __VALIDATEXY
 0000:A3E0       __SCROLL
 0000:A6A6       __wherexy
 0000:A6B0       _wherex
 0000:A6BF       _wherey
 0000:A6D2       _atol
 0000:A742       _atoi
 0000:A74E       __chmod
 0000:A769       _close
 0000:A78F       __close
 0000:A7AD       _eof
 0000:A824       _fclose
 0000:A899       _fflush
 0000:A916       _flushall
 0000:AA02       __OPENFP
 0000:AA96       __GETFP
 0000:AAC1       _fopen
 0000:AAE0       _fprintf
 0000:ABC9       _fread
 0000:AC14       _fscanf
 0000:AC8E       _fseek
 0000:ACF2       _ftell
 0000:ADBB       __fgetc
 0000:ADCC       __Nfgetc
 0000:ADCC       _fgetc
 0000:AE77       _fgetchar
 0000:AE80       _getenv
 0000:AEDF       _itoa
 0000:AF07       _ultoa
 0000:AF21       _ltoa
 0000:AF46       _memcpy
 0000:AF65       _setmem
 0000:AF8B       _memset
 0000:AFA5       _movedata
 0000:AFF2       _open
 0000:B13E       __open
 0000:B18B       _printf
 0000:B1A2       __fputc
 0000:B1B9       _fputc
 0000:B2DE       _fputchar
 0000:B2EF       __FPUTN
 0000:B480       ___read
 0000:B548       _setvbuf
 0000:B612       _strcat
 0000:B64B       _strcpy
 0000:B66D       _strlen
 0000:B687       _strncpy
 0000:B6B3       _strupr
 0000:B6D3       _dostounix
 0000:B7EA       _unixtodos
 0000:B9B8       _tzset
 0000:BB27       __ISDST
 0000:BC06       __Nungetc
 0000:BC06       _ungetc
 0000:BC4E       ___write
 0000:BD52       __write
 0000:BD8C       __xfclose
 0000:BDB2       __xfflush
 0BDE:2152       e086_Entry
 0BDE:26E0       e086_Shortcut
 0E56:0306       e087_Entry
 0E56:03C6       e087_Shortcut
 0E56:0430       e087_Trap
 0EB3:0000       _animals
 0EB3:00DC       _abilities
 0EB3:01A4       _image
 1E6E:0000       DATASEG@
 1E6E:0074       __Int0Vector
 1E6E:0078       __Int4Vector
 1E6E:007C       __Int5Vector
 1E6E:0080       __Int6Vector
 1E6E:0084       __C0argc
 1E6E:0086       __C0argv
 1E6E:0088       __C0environ
 1E6E:008A       __envLng
 1E6E:008C       __envseg
 1E6E:008E       __envSize
 1E6E:0090       __psp
 1E6E:0092       __osversion
 1E6E:0092       __osmajor
 1E6E:0092       __version
 1E6E:0093       __osminor
 1E6E:0094       _errno
 1E6E:0096       __StartTime
 1E6E:009A       ___heapbase
 1E6E:009C       ___brklvl
 1E6E:009E       __heapbase
 1E6E:00A2       __brklvl
 1E6E:00A6       __heaptop
 1E6E:00AA       _vga
 1E6E:00AC       _gamedelay
 1E6E:00AE       _dinc
 1E6E:00B0       _autowinner
 1E6E:00B2       _redo
 1E6E:00B4       _uho
 1E6E:00B5       _curpage
 1E6E:00B6       _gameend
 1E6E:00B7       _waitforvr
 1E6E:00B8       _hilite
 1E6E:00B9       _hiliteoff
 1E6E:00BA       _fontback
 1E6E:00BB       _fontbackon
 1E6E:00BC       _specon
 1E6E:00BD       _shownum
 1E6E:00BE       _platson
 1E6E:00BF       _keypress2
 1E6E:00C0       _numplayers
 1E6E:00C2       _gameplayers
 1E6E:00C4       _gameover
 1E6E:00C6       _oldgameover
 1E6E:00C8       _gravity
 1E6E:00CA       _numtexts
 1E6E:00CB       _numlevels
 1E6E:00CD       _halfgrav
 1E6E:00CE       _effectranges
 1E6E:00D6       _effectrangesy
 1E6E:00DE       _widths
 1E6E:00E6       _masses
 1E6E:00F1       _maxspeedx
 1E6E:00FC       _maxspeedy
 1E6E:0107       _accelx
 1E6E:0112       _accely
 1E6E:011D       _spechigh
 1E6E:011E       _specrate
 1E6E:0128       _minenum
 1E6E:0132       _platformnum
 1E6E:0750       __8087
 1E6E:0760       __protected
 1E6E:0761       __LDT
 1E6E:0764       __default87
 1E6E:0880       __emu
 1E6E:0990       __atexitcnt
 1E6E:0992       __ctype
 1E6E:0A94       __exitbuf
 1E6E:0A96       __exitfopen
 1E6E:0A98       __exitopen
 1E6E:0A9A       __streams
 1E6E:0BDA       __nfile
 1E6E:0BDC       __openfd
 1E6E:0C04       __fmode
 1E6E:0C06       __notUmask
 1E6E:0C08       __fpstklen
 1E6E:0C0A       __heaplen
 1E6E:0C0C       __doserrno
 1E6E:0C0E       __dosErrorToSV
 1E6E:0CF6       __stklen
 1E6E:0D60       __wscroll
 1E6E:0D62       __video
 1E6E:0D71       _directvideo
 1E6E:0DB0       __cFlag
 1E6E:0DB1       __cChar
 1E6E:0DB2       __first
 1E6E:0DB4       __last
 1E6E:0DB6       __rover
 1E6E:0DB8       __argc
 1E6E:0DBA       __argv
 1E6E:0DC6       _environ
 1E6E:0DDA       __monthDay
 1E6E:0DF4       _tzname
 1E6E:0DF8       _timezone
 1E6E:0DFC       _daylight
 1E6E:0E0A       __RealCvtVector
 1E6E:0E0E       __ScanTodVector
 1E6E:0E44       _platforms
 1E6E:2CBC       _livingplayers
 1E6E:2CBD       _computerplayers
 1E6E:2CBE       _rounds
 1E6E:2CBF       _players
 1E6E:2EFE       _goalsprite
 1E6E:2F0E       _story
 1E6E:2FD6       _levname
 1E6E:3008       _goal
 1E6E:3009       _levelnames
 1E6E:37D9       _goaly
 1E6E:37DB       _goalx
 1E6E:37DD       _curlevel
 1E6E:37DF       _font
 1E6E:3DDF       _imageoff
 1E6E:3DE1       _imageseg
 1E6E:3DE3       _basesprseg
 1E6E:3DE5       _basesproff
 1E6E:3DE7       _icon
 1E6E:82A7       _sprite
 1E6E:82FB       _spritedata
 1E6E:EBFB       _textsy
 1E6E:EC19       _textsx
 1E6E:EC37       _texton
 1E6E:EC46       _textsc
 1E6E:EC55       _texts
 1E6E:EF61       _starty4
 1E6E:EF63       _startx4
 1E6E:EF65       _starty3
 1E6E:EF67       _startx3
 1E6E:EF69       _starty2
 1E6E:EF6B       _startx2
 1E6E:EF6D       _starty1
 1E6E:EF6F       _startx1
 1E6E:EF71       _keypress
 1E6E:EF72       _fontfore
 1E6E:EF73       _backcolor
 1E6E:EF74       _pal
 1E6E:F274       _gameturn
 1E6E:F276       _visStart
 1E6E:F278       _actStart
 1E6E:F27A       _widthBytes
 1E6E:F27C       _width
 1E6E:F27E       _height
 1E6E:F280       __atexittbl
 1E6E:F2CE       ___SignalPtr

Program entry point at 0000:0000

